Tasks: Unable to find task in file Manual Testing/Task Toggling Scenarios/Embed Task in to Note.md.
Expected task:
- [ ] #task task2b ^ca47c7
Found task:
- [ ] #task task1a
