{
  "coreStatusTypes": [
    {
      "symbol": " ",
      "name": "Todo",
      "nextStatusSymbol": "x",
      "availableAsCommand": true,
      "type": "TODO"
    },
    {
      "symbol": "/",
      "name": "In Progress",
      "nextStatusSymbol": "x",
      "availableAsCommand": true,
      "type": "IN_PROGRESS"
    },
    {
      "symbol": "x",
      "name": "Done",
      "nextStatusSymbol": " ",
      "availableAsCommand": true,
      "type": "DONE"
    },
    {
      "symbol": "-",
      "name": "Cancelled",
      "nextStatusSymbol": " ",
      "availableAsCommand": true,
      "type": "CANCELLED"
    }
  ],
  "customStatusTypes": []
}
